---
http_interactions:
- request:
    method: get
    uri: https://openapi.etsy.com/v2/listings/active?api_key=<api_key>&tags=Ergonomic%20Granite%20Shirt
    body:
      encoding: US-ASCII
      string: ''
    headers:
      User-Agent:
      - Faraday v1.5.1
      Accept-Encoding:
      - gzip;q=1.0,deflate;q=0.6,identity;q=0.3
      Accept:
      - "*/*"
  response:
    status:
      code: 200
      message: OK
    headers:
      Server:
      - Apache
      X-Cloud-Trace-Context:
      - 1ab2c3d0e2bf5a7fd5fdbc643ad94f0c/17148068601178532633;o=0
      X-Etsy-Request-Uuid:
      - Eu6GERrIikl2p5nG8a_ekM3o3Y7e
      X-Ratelimit-Limit:
      - '10000'
      X-Ratelimit-Remaining:
      - '9941'
      Cache-Control:
      - private
      Content-Type:
      - application/json
      Vary:
      - Accept-Encoding
      Date:
      - Mon, 19 Jul 2021 17:01:11 GMT
      Content-Length:
      - '501'
      Connection:
      - keep-alive
      Set-Cookie:
      - user_prefs=PYQHa7HdraNf1H3PHlgIFFl9XJhjZACChK_rr8Po6LzSnBwd8ohYBgA.; expires=Tue,
        19-Jul-2022 17:01:11 GMT; Max-Age=31536000; path=/; domain=.etsy.com
    body:
      encoding: UTF-8
      string: '{"count":0,"results":[],"params":{"limit":25,"offset":0,"page":null,"keywords":null,"sort_on":"created","sort_order":"down","min_price":null,"max_price":null,"color":null,"color_accuracy":0,"tags":"Ergonomic
        Granite Shirt","taxonomy_id":null,"location":null,"lat":null,"lon":null,"region":null,"geo_level":"city","accepts_gift_cards":"false","translate_keywords":"false"},"type":"Listing","pagination":{"effective_limit":25,"effective_offset":0,"next_offset":null,"effective_page":1,"next_page":null}}'
  recorded_at: Mon, 19 Jul 2021 17:01:11 GMT
- request:
    method: get
    uri: https://openapi.etsy.com/v2/listings/active?api_key=<api_key>&tags=Awesome%20Steel%20Shirt
    body:
      encoding: US-ASCII
      string: ''
    headers:
      User-Agent:
      - Faraday v1.5.1
      Accept-Encoding:
      - gzip;q=1.0,deflate;q=0.6,identity;q=0.3
      Accept:
      - "*/*"
  response:
    status:
      code: 200
      message: OK
    headers:
      Server:
      - Apache
      X-Cloud-Trace-Context:
      - 3b3aa333691e7b19d4981759c2cb5721/1232255073558360233;o=0
      X-Etsy-Request-Uuid:
      - Eu6OwtOIVHta9oqNmMAgqH4TLW1c
      X-Ratelimit-Limit:
      - '10000'
      X-Ratelimit-Remaining:
      - '9940'
      Cache-Control:
      - private
      Content-Type:
      - application/json
      Vary:
      - Accept-Encoding
      Date:
      - Mon, 19 Jul 2021 17:01:12 GMT
      Content-Length:
      - '18224'
      Connection:
      - keep-alive
      Set-Cookie:
      - user_prefs=PYQHa7HdraNf1H3PHlgIFFl9XJhjZACChK_rr8Po6LzSnBwd8ohYBgA.; expires=Tue,
        19-Jul-2022 17:01:11 GMT; Max-Age=31535999; path=/; domain=.etsy.com
    body:
      encoding: UTF-8
      string: '{"count":7,"results":[{"listing_id":889721086,"state":"active","user_id":293456739,"category_id":null,"title":"I
        Am A Lucky Son In Law I Have A Freaking Awesome Mother In Law She Has A Backbone
        Made Of Steel If You Mess With Me T-Shirt, Mother T-Shirt","description":"Here&#39;s
        the scoop on our T-Shirts:\n* This updated unisex essential fits like a well-loved
        favorite, featuring a crew neck, short sleeves and designed with superior
        combed and ring-spun cotton that acts as the best blank canvas for printing.\n*
        Sideseamed. Retail fit. Unisex sizing. Shoulder taping.\n* 100% Airlume combed
        and ring-spun cotton, 32 single 4.2 oz. (Ash - 99% Airlume combed and ring-spun
        cotton, 1% poly)\n\nMore Description\n* Our T Shirts are buttery soft, super
        comfortable and likely to become your go to shirt for work or play.\n* Our
        Process & Shipping:\nShips Within 4-7 Days - Typically Arrives In Less Than
        10 Days\nIf for some reason we&#39;re unable to ship within 7 days we&#39;ll
        contact you to let you know.\nDesigned and printed in the U.S.A\n* How to
        care:\nWash inside out with like colors.\nTumble dry low or hang to dry.\nTry
        not to iron directly over the design. Also, don&#39;t iron t-shirts!\n* If
        you have any questions please ask! We normally respond in 24 hours.\nAll the
        best and thank you for shopping.","creation_tsz":1626521686,"ending_tsz":1637152486,"original_creation_tsz":1605249061,"last_modified_tsz":1626521686,"price":"16.95","currency_code":"USD","quantity":99,"sku":[],"tags":["Gift
        For Men","Gift For Son","Mother T-Shirt","I Am A Lucky","Son In Law","I Have
        A Freaking","Awesome T-Shirt","Mother In Law","She Has A Backbone","Made Of
        Steel","If You Mess With Me","The Beast In","Her Will Awake"],"materials":[],"shop_section_id":null,"featured_rank":null,"state_tsz":1626480633,"url":"https:\/\/www.etsy.com\/listing\/889721086\/i-am-a-lucky-son-in-law-i-have-a?utm_source=gifty&utm_medium=api&utm_campaign=api","views":16,"num_favorers":0,"shipping_template_id":97216923207,"processing_min":3,"processing_max":6,"who_made":"i_did","is_supply":"false","when_made":"made_to_order","item_weight":null,"item_weight_unit":"g","item_length":null,"item_width":null,"item_height":null,"item_dimensions_unit":"mm","is_private":false,"recipient":null,"occasion":null,"style":null,"non_taxable":false,"is_customizable":false,"is_digital":false,"file_data":"","should_auto_renew":false,"language":"en-US","has_variations":true,"taxonomy_id":11165,"taxonomy_path":["Clothing","Unisex
        Adult Clothing","Tops & Tees","T-shirts","Graphic Tees"],"used_manufacturer":false,"is_vintage":false},{"listing_id":1048426819,"state":"active","user_id":293456739,"category_id":null,"title":"I
        Get My Attitude From My Frekin&#39; Awesome Dad He Is A Bit Crazy And Scares
        Me Sometimes He Loves Me Unconditionally T-Shirt, Wife Shirt","description":"Here&#39;s
        the scoop on our T-Shirts:\n* This updated unisex essential fits like a well-loved
        favorite, featuring a crew neck, short sleeves and designed with superior
        combed and ring-spun cotton that acts as the best blank canvas for printing.\n*
        Sideseamed. Retail fit. Unisex sizing. Shoulder taping.\n* 100% Airlume combed
        and ring-spun cotton, 32 single 4.2 oz. (Ash - 99% Airlume combed and ring-spun
        cotton, 1% poly)\n\nMore Description\n* Our T Shirts are buttery soft, super
        comfortable and likely to become your go to shirt for work or play.\n* Our
        Process & Shipping:\nShips Within 4-7 Days - Typically Arrives In Less Than
        10 Days\nIf for some reason we&#39;re unable to ship within 7 days we&#39;ll
        contact you to let you know.\nDesigned and printed in the U.S.A\n* How to
        care:\nWash inside out with like colors.\nTumble dry low or hang to dry.\nTry
        not to iron directly over the design. Also, don&#39;t iron t-shirts!\n* If
        you have any questions please ask! We normally respond in 24 hours.\nAll the
        best and thank you for shopping.","creation_tsz":1625762213,"ending_tsz":1636393013,"original_creation_tsz":1625762213,"last_modified_tsz":1625765725,"price":"16.95","currency_code":"USD","quantity":99,"sku":[],"tags":["I
        Get My","Attitude Shirt","From My Frekin''","He Is A Bit Crazy","Scares Me
        Sometimes","He Has A Backbone","Made Of Steel","A Heart Made Of Gold","If
        You Mess","Unconditionally","Wife Shirt","She Loves Me","Awesome Mom"],"materials":[],"shop_section_id":null,"featured_rank":null,"state_tsz":1625762213,"url":"https:\/\/www.etsy.com\/listing\/1048426819\/i-get-my-attitude-from-my-frekin-awesome?utm_source=gifty&utm_medium=api&utm_campaign=api","views":6,"num_favorers":0,"shipping_template_id":97216923207,"processing_min":3,"processing_max":6,"who_made":"i_did","is_supply":"false","when_made":"made_to_order","item_weight":null,"item_weight_unit":"g","item_length":null,"item_width":null,"item_height":null,"item_dimensions_unit":"mm","is_private":false,"recipient":null,"occasion":null,"style":null,"non_taxable":false,"is_customizable":false,"is_digital":false,"file_data":"","should_auto_renew":false,"language":"en-US","has_variations":true,"taxonomy_id":11165,"taxonomy_path":["Clothing","Unisex
        Adult Clothing","Tops & Tees","T-shirts","Graphic Tees"],"used_manufacturer":false,"is_vintage":false},{"listing_id":847612312,"state":"active","user_id":321631750,"category_id":null,"title":"Balls
        of Steel XL T-Shirt","description":"Balls of Steel XL\u00a0Tee\n\n\u00a0\n\nYou
        have Balls of Steel, now let everyone know. The Balls of Steel XL T-shirt
        is simple in design and heavy in message: these balls carry weight! We&#39;ve
        chilled thousands of drinks from whiskey to wine in classic stainless form,
        and our customers have been delighted. As we take the next step in the evolution
        of chill with the Balls of Steel XL chillers, we want to welcome you to the
        club by putting it on your shirt: Balls of Steel XL!\nClassic black t-shirt
        with white print, this\u00a0tee is bold and to the point; here before you
        stands Balls of Steel XL.\u00a0This is more than just a dapper t-shirt; the
        100% ring spun cotton makes this tee softer, finer, and a smooth-faced durable
        must-have tee. This tee\u00a0is preshrunk athletic heather 90\/10 ring spun
        cotton\/poly with shoulder to shoulder taping, set-in collar, and double-needle
        sleeves and hem.\n\u00a0\nMaterials: Port & Company 100% Ring Spun Cotton\u00a0\u00a0  \n\n\u00a0","creation_tsz":1625288961,"ending_tsz":1635916161,"original_creation_tsz":1598544119,"last_modified_tsz":1625289271,"price":"19.99","currency_code":"USD","quantity":31,"sku":["BOS_XLT_XXL"],"tags":["balls
        of steel","balls of steel xl","gifts for men","men''s gifts","shirt","t-shirt","tee","gift","awesome","cool","extra
        large","xl","gifts for dad"],"materials":[],"shop_section_id":null,"featured_rank":null,"state_tsz":1625288961,"url":"https:\/\/www.etsy.com\/listing\/847612312\/balls-of-steel-xl-t-shirt?utm_source=gifty&utm_medium=api&utm_campaign=api","views":35,"num_favorers":0,"shipping_template_id":100156585319,"processing_min":1,"processing_max":2,"who_made":"someone_else","is_supply":"true","when_made":"2020_2021","item_weight":null,"item_weight_unit":"oz","item_length":null,"item_width":null,"item_height":null,"item_dimensions_unit":"in","is_private":false,"recipient":"men","occasion":null,"style":null,"non_taxable":false,"is_customizable":false,"is_digital":false,"file_data":"","should_auto_renew":true,"language":"en-US","has_variations":false,"taxonomy_id":11110,"taxonomy_path":["Clothing","Men''s
        Clothing","Shirts & Tees","T-shirts","Graphic Tees"],"used_manufacturer":false,"is_vintage":false},{"listing_id":999156028,"state":"active","user_id":293456739,"category_id":null,"title":"I
        Get My Attitude From My Frekin&#39; Awesome Dad He Is A Bit Crazy And Scares
        Me Sometimes He Loves Me Unconditionally T-Shirt, Wife Shirt","description":"Here&#39;s
        the scoop on our T-Shirts:\n* This updated unisex essential fits like a well-loved
        favorite, featuring a crew neck, short sleeves and designed with superior
        combed and ring-spun cotton that acts as the best blank canvas for printing.\n*
        Sideseamed. Retail fit. Unisex sizing. Shoulder taping.\n* 100% Airlume combed
        and ring-spun cotton, 32 single 4.2 oz. (Ash - 99% Airlume combed and ring-spun
        cotton, 1% poly)\n\nMore Description\n* Our T Shirts are buttery soft, super
        comfortable and likely to become your go to shirt for work or play.\n* Our
        Process & Shipping:\nShips Within 4-7 Days - Typically Arrives In Less Than
        10 Days\nIf for some reason we&#39;re unable to ship within 7 days we&#39;ll
        contact you to let you know.\nDesigned and printed in the U.S.A\n* How to
        care:\nWash inside out with like colors.\nTumble dry low or hang to dry.\nTry
        not to iron directly over the design. Also, don&#39;t iron t-shirts!\n* If
        you have any questions please ask! We normally respond in 24 hours.\nAll the
        best and thank you for shopping.","creation_tsz":1620125001,"ending_tsz":1630752201,"original_creation_tsz":1620125001,"last_modified_tsz":1620128346,"price":"16.95","currency_code":"USD","quantity":99,"sku":[],"tags":["I
        Get My","Attitude Shirt","From My Frekin''","Awesome Dad","He Is A Bit Crazy","Scares
        Me Sometimes","He Has A Backbone","Made Of Steel","A Heart Made Of Gold","If
        You Mess","Unconditionally","Father''s Day Gift","Wife Shirt"],"materials":[],"shop_section_id":null,"featured_rank":null,"state_tsz":1620125001,"url":"https:\/\/www.etsy.com\/listing\/999156028\/i-get-my-attitude-from-my-frekin-awesome?utm_source=gifty&utm_medium=api&utm_campaign=api","views":5,"num_favorers":0,"shipping_template_id":97216923207,"processing_min":3,"processing_max":6,"who_made":"i_did","is_supply":"false","when_made":"made_to_order","item_weight":null,"item_weight_unit":"g","item_length":null,"item_width":null,"item_height":null,"item_dimensions_unit":"mm","is_private":false,"recipient":null,"occasion":null,"style":null,"non_taxable":false,"is_customizable":false,"is_digital":false,"file_data":"","should_auto_renew":false,"language":"en-US","has_variations":true,"taxonomy_id":11165,"taxonomy_path":["Clothing","Unisex
        Adult Clothing","Tops & Tees","T-shirts","Graphic Tees"],"used_manufacturer":false,"is_vintage":false},{"listing_id":569886621,"state":"active","user_id":120032586,"category_id":null,"title":"Funny
        T Shirt, Rude T shirt. Are You Looking At My Nuts? This is Excellent gift
        for a friend with a heart of gold and Big Nuts!","description":"Are You Looking
        At My Nuts? Funny T Shirt.Excellent gift for a friend with a heart of gold
        and Big Nuts! Big Nuts, Rude\/Birthday gift 4 him\/ Christmas gift\/Funny
        T shirts\/Jokes on Shirts\/Awesome Shirts\n Made from 100% cotton Gildan shirt,
        pre-shrunk, great quality and comfortable fit.\n\nProducts are completed in
        1 to 3 business days and will be sent with full tracking.\n\nShipping times
        vary depending on your location but generally they will take anywhere from
        1 to 5 business days.\n\nWe ship from both the US and Canada to ensure the
        fastest and cheapest delivery possible.\n\nAll shirts are hand screen printed
        and thoroughly checked before mailing out. If for any reason you are not satisfied
        please contact me, I will reply ASAP.\n\nThanks for your business!\n                                     ;-)","creation_tsz":1619144801,"ending_tsz":1629685601,"original_creation_tsz":1509923670,"last_modified_tsz":1619144801,"price":"26.79","currency_code":"CAD","quantity":14,"sku":[],"tags":["My
        Nuts","Funny T Shirt","Birthday gift 4 him","Jokes on Shirts","real nuts","Steel
        nuts","Awesome Shirts","Swear Words on shirt","tee shirt","Rude T shirt","Unisex
        T shirt","Nuts of Steel","Big Fucking Nuts"],"materials":["coton"],"shop_section_id":22797008,"featured_rank":null,"state_tsz":1617083437,"url":"https:\/\/www.etsy.com\/listing\/569886621\/funny-t-shirt-rude-t-shirt-are-you?utm_source=gifty&utm_medium=api&utm_campaign=api","views":124,"num_favorers":10,"shipping_template_id":46433496645,"processing_min":1,"processing_max":2,"who_made":"i_did","is_supply":"false","when_made":"2020_2021","item_weight":null,"item_weight_unit":"g","item_length":null,"item_width":null,"item_height":null,"item_dimensions_unit":"mm","is_private":false,"recipient":null,"occasion":null,"style":null,"non_taxable":false,"is_customizable":false,"is_digital":false,"file_data":"","should_auto_renew":true,"language":"en-US","has_variations":true,"taxonomy_id":449,"taxonomy_path":["Clothing","Men''s
        Clothing","Shirts & Tees","T-shirts"],"used_manufacturer":false,"is_vintage":false},{"listing_id":950640407,"state":"active","user_id":293456739,"category_id":null,"title":"I
        Get My Attitude From My Frekin&#39; Awesome Dad He Was Born In April He Is
        A Bit Crazy And Scares Me Sometimes T-Shirt, Wife Shirt, April Tee","description":"Here&#39;s
        the scoop on our T-Shirts:\n* This updated unisex essential fits like a well-loved
        favorite, featuring a crew neck, short sleeves and designed with superior
        combed and ring-spun cotton that acts as the best blank canvas for printing.\n*
        Sideseamed. Retail fit. Unisex sizing. Shoulder taping.\n* 100% Airlume combed
        and ring-spun cotton, 32 single 4.2 oz. (Ash - 99% Airlume combed and ring-spun
        cotton, 1% poly)\n\nMore Description\n* Our T Shirts are buttery soft, super
        comfortable and likely to become your go to shirt for work or play.\n* Our
        Process & Shipping:\nShips Within 4-7 Days - Typically Arrives In Less Than
        10 Days\nIf for some reason we&#39;re unable to ship within 7 days we&#39;ll
        contact you to let you know.\nDesigned and printed in the U.S.A\n* How to
        care:\nWash inside out with like colors.\nTumble dry low or hang to dry.\nTry
        not to iron directly over the design. Also, don&#39;t iron t-shirts!\n* If
        you have any questions please ask! We normally respond in 24 hours.\nAll the
        best and thank you for shopping.","creation_tsz":1619109555,"ending_tsz":1629650355,"original_creation_tsz":1611732937,"last_modified_tsz":1619109555,"price":"16.95","currency_code":"USD","quantity":99,"sku":[],"tags":["I
        Get My","Attitude Shirt","From My Frekin''","Awesome Dad","He Was Born In
        April","He Is A Bit Crazy","Scares Me Sometimes","He Has A Backbone","Made
        Of Steel","A Heart Made Of Gold","If You Mess","Unconditionally","Gift For
        Her"],"materials":[],"shop_section_id":null,"featured_rank":null,"state_tsz":1611732937,"url":"https:\/\/www.etsy.com\/listing\/950640407\/i-get-my-attitude-from-my-frekin-awesome?utm_source=gifty&utm_medium=api&utm_campaign=api","views":46,"num_favorers":0,"shipping_template_id":97216923207,"processing_min":3,"processing_max":6,"who_made":"i_did","is_supply":"false","when_made":"made_to_order","item_weight":null,"item_weight_unit":"g","item_length":null,"item_width":null,"item_height":null,"item_dimensions_unit":"mm","is_private":false,"recipient":null,"occasion":null,"style":null,"non_taxable":false,"is_customizable":false,"is_digital":false,"file_data":"","should_auto_renew":false,"language":"en-US","has_variations":true,"taxonomy_id":11165,"taxonomy_path":["Clothing","Unisex
        Adult Clothing","Tops & Tees","T-shirts","Graphic Tees"],"used_manufacturer":false,"is_vintage":false},{"listing_id":895701447,"state":"active","user_id":32614686,"category_id":null,"title":"8
        Oz. Personalized Birthday Flask Custom Flask Hip Flask Vintage Made In Custom
        Birthday Gift Idea Vintage Bday Flask Steel","description":"8 Oz. Personalized
        Birthday Flask Custom Flask Hip Flask Vintage Made In Custom Birthday Gift
        Idea Vintage Bday Flask Steel\n\nThis stainless steel flask is a wonderful
        birthday gift idea for anyone who enjoys spirits! The design reads &#39;Vintage,
        Made In, Years Being Awesome&#39;. The design features the birth year you
        specify. It also features a very classic vintage look and crown. Includes
        a drawstring gift bag, gift box and small funnel to fill the flask. \n\nOur
        stainless steel flasks feature a 8 oz. fluid capacity and come with screw
        on lid. You can use for any kind of spirit or liqueur. Makes a great travel
        cup!\n\n***This item is hand wash only***\n\nPlease keep in mind our stainless
        colored flasks looks best with darker colored inks. The metal shines through
        the darker colors making the entire print look metallic. Photos really don&#39;t
        do them justice. These print beautifully! Lighter colors however, may look
        pale and even washed out. Please consider this when choosing your print color.
        \n\nStainless Steel Flask\n8 Oz. Capacity\n5&quot; Tall (5.5&quot; With Lid)
        By 4&quot; Wide\nScrew On Lid\n100% BPA and phthalate free.\nHAND WASH ONLY\nIncludes
        gift box, drawstring bag and stainless steel funnel for easy filling.","creation_tsz":1604077778,"ending_tsz":1614535778,"original_creation_tsz":1604077778,"last_modified_tsz":1626552846,"price":"39.99","currency_code":"USD","quantity":50,"sku":[],"tags":["Shirts
        By Sarah","Stainless","Gift","Stainless Steel","Flask","8 oz","Birthday","Custom","Personalized","Personalizable","Vintage","Made
        In","Awesome"],"materials":["Metal"],"shop_section_id":22944239,"featured_rank":null,"state_tsz":1604077778,"url":"https:\/\/www.etsy.com\/listing\/895701447\/8-oz-personalized-birthday-flask-custom?utm_source=gifty&utm_medium=api&utm_campaign=api","views":18,"num_favorers":0,"shipping_template_id":105181254010,"processing_min":3,"processing_max":5,"who_made":"i_did","is_supply":"false","when_made":"made_to_order","item_weight":"9","item_weight_unit":"oz","item_length":"5","item_width":"3","item_height":"3","item_dimensions_unit":"in","is_private":false,"recipient":null,"occasion":null,"style":null,"non_taxable":false,"is_customizable":true,"is_digital":false,"file_data":"","should_auto_renew":true,"language":"en-US","has_variations":false,"taxonomy_id":11274,"taxonomy_path":["Home
        & Living","Kitchen & Dining","Drink & Barware","Barware","Flasks"],"used_manufacturer":false,"is_vintage":false}],"params":{"limit":25,"offset":0,"page":null,"keywords":null,"sort_on":"created","sort_order":"down","min_price":null,"max_price":null,"color":null,"color_accuracy":0,"tags":"Awesome
        Steel Shirt","taxonomy_id":null,"location":null,"lat":null,"lon":null,"region":null,"geo_level":"city","accepts_gift_cards":"false","translate_keywords":"false"},"type":"Listing","pagination":{"effective_limit":25,"effective_offset":0,"next_offset":null,"effective_page":1,"next_page":null}}'
  recorded_at: Mon, 19 Jul 2021 17:01:12 GMT
- request:
    method: get
    uri: https://openapi.etsy.com/v2/listings/active?api_key=<api_key>&tags=Ergonomic%20Concrete%20Gloves
    body:
      encoding: US-ASCII
      string: ''
    headers:
      User-Agent:
      - Faraday v1.5.1
      Accept-Encoding:
      - gzip;q=1.0,deflate;q=0.6,identity;q=0.3
      Accept:
      - "*/*"
  response:
    status:
      code: 200
      message: OK
    headers:
      Server:
      - Apache
      X-Cloud-Trace-Context:
      - cba1ac19ce8734d5f724b55db5890c20/5078802168413869329;o=0
      X-Etsy-Request-Uuid:
      - EuLl44DzOg3b3PXGZln8r0rWcG44
      X-Ratelimit-Limit:
      - '10000'
      X-Ratelimit-Remaining:
      - '9939'
      Cache-Control:
      - private
      Content-Type:
      - application/json
      Vary:
      - Accept-Encoding
      Date:
      - Mon, 19 Jul 2021 17:01:12 GMT
      Content-Length:
      - '503'
      Connection:
      - keep-alive
      Set-Cookie:
      - user_prefs=zdNlyFXJrgZyl6sd9aJ7TBVXBj5jZACChK_rb8Do6LzSnBwd8ohYBgA.; expires=Tue,
        19-Jul-2022 17:01:12 GMT; Max-Age=31536000; path=/; domain=.etsy.com
    body:
      encoding: UTF-8
      string: '{"count":0,"results":[],"params":{"limit":25,"offset":0,"page":null,"keywords":null,"sort_on":"created","sort_order":"down","min_price":null,"max_price":null,"color":null,"color_accuracy":0,"tags":"Ergonomic
        Concrete Gloves","taxonomy_id":null,"location":null,"lat":null,"lon":null,"region":null,"geo_level":"city","accepts_gift_cards":"false","translate_keywords":"false"},"type":"Listing","pagination":{"effective_limit":25,"effective_offset":0,"next_offset":null,"effective_page":1,"next_page":null}}'
  recorded_at: Mon, 19 Jul 2021 17:01:12 GMT
- request:
    method: get
    uri: https://openapi.etsy.com/v2/listings/active?api_key=<api_key>&tags=Fantastic%20Iron%20Car
    body:
      encoding: US-ASCII
      string: ''
    headers:
      User-Agent:
      - Faraday v1.5.1
      Accept-Encoding:
      - gzip;q=1.0,deflate;q=0.6,identity;q=0.3
      Accept:
      - "*/*"
  response:
    status:
      code: 200
      message: OK
    headers:
      Server:
      - Apache
      X-Cloud-Trace-Context:
      - 20bea5545395279c6ff493b52c9e780f/16409341909149871486;o=1
      X-Etsy-Request-Uuid:
      - EuXTyBXv5mqsTuuQg_aVYnQae565
      X-Ratelimit-Limit:
      - '10000'
      X-Ratelimit-Remaining:
      - '9938'
      Cache-Control:
      - private
      Content-Type:
      - application/json
      Vary:
      - Accept-Encoding
      Date:
      - Mon, 19 Jul 2021 17:01:12 GMT
      Content-Length:
      - '2544'
      Connection:
      - keep-alive
      Set-Cookie:
      - user_prefs=zdNlyFXJrgZyl6sd9aJ7TBVXBj5jZACChK_rb8Do6LzSnBwd8ohYBgA.; expires=Tue,
        19-Jul-2022 17:01:12 GMT; Max-Age=31536000; path=/; domain=.etsy.com
    body:
      encoding: UTF-8
      string: '{"count":1,"results":[{"listing_id":550092391,"state":"active","user_id":116260863,"category_id":null,"title":"Stickers
        on your car, skateboard, laptop, suitcase. Super hero, Marvel, Hulk, Cap America,
        Iron man, Fantastic Four, SHIELD, Avengers, X-Men","description":"Stickers
        on your car, skateboard, laptop, tablet, suitcase.\nCollection: &quot;Super
        Hero&quot;.\nName: &quot;Super hero, logo Marvel, Deadpool, Hulk, Captain
        America, Iron man, Fantastic Four, SHIELD, Avengers, X-Men&quot;.\nMaterial:
        Vinyl.\nStickers have a special protective layer (lamination).\nStickers do
        not lose color, they do not erase the paint.\nStickers are resistant to minor
        mechanical damage (small scratches, abrasions), resistant to sunlight (do
        not fade).\n\nSize: 4.33x4.33 Inch (110x110 mm).\n\nSENDING ORDER WITH TRACK
        NUMBER!\n\nWe send orders from RUSSIA.","creation_tsz":1623876681,"ending_tsz":1634417481,"original_creation_tsz":1502355936,"last_modified_tsz":1626422380,"price":"2.70","currency_code":"USD","quantity":17,"sku":[],"tags":["deadpool","Hulk","Captain
        america","Iron man","Fantastic Four","SHIELD","Avengers","X-Men","stiker","vinyl","car
        stickers","superhero","marvel"],"materials":[],"shop_section_id":21879699,"featured_rank":null,"state_tsz":1624713270,"url":"https:\/\/www.etsy.com\/listing\/550092391\/stickers-on-your-car-skateboard-laptop?utm_source=gifty&utm_medium=api&utm_campaign=api","views":2043,"num_favorers":62,"shipping_template_id":96357445381,"processing_min":3,"processing_max":5,"who_made":"i_did","is_supply":"false","when_made":"made_to_order","item_weight":null,"item_weight_unit":"g","item_length":null,"item_width":null,"item_height":null,"item_dimensions_unit":"mm","is_private":false,"recipient":null,"occasion":null,"style":null,"non_taxable":false,"is_customizable":false,"is_digital":false,"file_data":"","should_auto_renew":true,"language":"MACHINE_en","has_variations":true,"taxonomy_id":1895,"taxonomy_path":["Electronics
        & Accessories","Car Parts & Accessories","Car Accessories"],"used_manufacturer":false,"is_vintage":false}],"params":{"limit":25,"offset":0,"page":null,"keywords":null,"sort_on":"created","sort_order":"down","min_price":null,"max_price":null,"color":null,"color_accuracy":0,"tags":"Fantastic
        Iron Car","taxonomy_id":null,"location":null,"lat":null,"lon":null,"region":null,"geo_level":"city","accepts_gift_cards":"false","translate_keywords":"false"},"type":"Listing","pagination":{"effective_limit":25,"effective_offset":0,"next_offset":null,"effective_page":1,"next_page":null}}'
  recorded_at: Mon, 19 Jul 2021 17:01:12 GMT
recorded_with: VCR 6.0.0
